// Jest Snapshot v1, https://goo.gl/fbAQLP

exports[`orderbook should print the orderbook 1`] = `
Array [
  Array [
    "
Trading pair: LTC/BTC",
  ],
  Array [
    "┌───────────────────────────────────────┬───────────────────────────────────────┐
│ Buy                                   │ Sell                                  │
├───────────────────┬───────────────────┼───────────────────┬───────────────────┤
│ Quantity          │ Price             │ Price             │ Quantity          │
├───────────────────┼───────────────────┼───────────────────┼───────────────────┤
│ 110.7158764       │ 0.0099            │ 0.0101            │ 97.97360538       │
├───────────────────┼───────────────────┼───────────────────┼───────────────────┤
│ 91.17367602       │ 0.0098            │ 0.0102            │ 100.06815933      │
├───────────────────┼───────────────────┼───────────────────┼───────────────────┤
│ 106.14167904      │ 0.0097            │ 0.0103            │ 102.92596794      │
├───────────────────┼───────────────────┼───────────────────┼───────────────────┤
│ 102.66496213      │ 0.0096            │ 0.0104            │ 107.70572898      │
├───────────────────┼───────────────────┼───────────────────┼───────────────────┤
│ 103.98061003      │ 0.0095            │ 0.0105            │ 95.06165727       │
├───────────────────┼───────────────────┼───────────────────┼───────────────────┤
│ 119.80194419      │ 0.0094            │ 0.0106            │ 87.86526193       │
├───────────────────┼───────────────────┼───────────────────┼───────────────────┤
│ 82.04432528       │ 0.0093            │ 0.0107            │ 89.87718204       │
├───────────────────┼───────────────────┼───────────────────┼───────────────────┤
│ 103.57335925      │ 0.0092            │ 0.0108            │ 110.81500717      │
├───────────────────┼───────────────────┼───────────────────┼───────────────────┤
│ 94.71010321       │ 0.0091            │ 0.0109            │ 102.79896939      │
├───────────────────┼───────────────────┼───────────────────┼───────────────────┤
│ 85.70250137       │ 0.009             │ 0.011             │ 97.61906414       │
└───────────────────┴───────────────────┴───────────────────┴───────────────────┘",
  ],
]
`;
