// Jest Snapshot v1, https://goo.gl/fbAQLP

exports[`RaidenClient sendPayment rejects in case of empty secret response 1`] = `
Object {
  "code": "5.8",
  "message": "raiden TokenPaymentResponse is invalid",
}
`;

exports[`RaidenClient sendPayment removes 0x from secret 1`] = `"9f345e3751d8b7f38d34b7a3dd636a9d7a0c2f36d991615e6653501f30c6ec56"`;
