// Jest Snapshot v1, https://goo.gl/fbAQLP

exports[`Service getBalance throws in case of invalid currency 1`] = `
Object {
  "code": "6.1",
  "message": "currency must consist of 2 to 5 upper case English letters or numbers",
}
`;

exports[`Service getBalance throws when swap client is not found 1`] = `
Object {
  "code": "7.1",
  "message": "swapClient for currency BBB not found",
}
`;

exports[`Service openChannel throws when failure from swapClientManager 1`] = `
Object {
  "code": "6.5",
  "message": "failed to open BTC channel for 16000000 with 02f8895eb03c37b2665415be4d83b20228acc0abc55ebf6728565141c66cfc164a: swapClientManager openChannel failure",
}
`;

exports[`Service tradingLimits throws in case of invalid currency 1`] = `
Object {
  "code": "6.1",
  "message": "currency must consist of 2 to 5 upper case English letters or numbers",
}
`;
